// Jest Snapshot v1, https://goo.gl/fbAQLP

exports[`Should render ConfirmationModal 1`] = `
<Modal
  ariaHideApp={true}
  bodyOpenClassName="ReactModal__Body--open"
  className="modal"
  closeTimeoutMS={0}
  isOpen={true}
  parentSelector={[Function]}
  portalClassName="ReactModalPortal"
  shouldCloseOnEsc={true}
  shouldCloseOnOverlayClick={true}
  shouldFocusAfterRender={true}
  shouldReturnFocusAfterClose={true}
>
  <div
    className="modal__border-container"
  >
    <h1
      className="modal__title"
    >
      Remove Expense
    </h1>
    <p
      className="modal__body"
    >
      Proceeding will delete and un-archive this expense.
    </p>
    <div
      className="button__container"
    >
      <button
        className="button button-secondary"
      >
        Proceed
      </button>
      <button
        className="button"
      >
        Cancel
      </button>
    </div>
  </div>
</Modal>
`;
