// Jest Snapshot v1, https://goo.gl/fbAQLP

exports[`should render Header correctly 1`] = `
<header>
  <h1>
    Expense Map
  </h1>
  <p>
    <NavLink
      activeClassName="is-active"
      ariaCurrent="true"
      exact={true}
      to="/"
    >
      Home
    </NavLink>
  </p>
  <p>
    <NavLink
      activeClassName="is-active"
      ariaCurrent="true"
      to="/create"
    >
      Create
    </NavLink>
  </p>
</header>
`;
